// Jest Snapshot v1, https://goo.gl/fbAQLP

exports[` 1`] = `
Object {
  "asFragment": [Function],
  "baseElement": <body>
    <div>
      <div>
        <h1>
          Players
        </h1>
        <div>
          <label>
            Team:
            <select>
              <option
                value="all"
              >
                All Teams
              </option>
              <option
                value="1"
              >
                Bridge City Sneakers
              </option>
              <option
                value="2"
              >
                Stumptown Lumberjacks
              </option>
              <option
                value="3"
              >
                Lakeville Thunderfeet
              </option>
              <option
                value="5"
              >
                Vancougers
              </option>
              <option
                value="4"
              >
                Mt. Hoodies
              </option>
            </select>
          </label>
          <ul />
        </div>
      </div>
    </div>
  </body>,
  "container": <div>
    <div>
      <h1>
        Players
      </h1>
      <div>
        <label>
          Team:
          <select>
            <option
              value="all"
            >
              All Teams
            </option>
            <option
              value="1"
            >
              Bridge City Sneakers
            </option>
            <option
              value="2"
            >
              Stumptown Lumberjacks
            </option>
            <option
              value="3"
            >
              Lakeville Thunderfeet
            </option>
            <option
              value="5"
            >
              Vancougers
            </option>
            <option
              value="4"
            >
              Mt. Hoodies
            </option>
          </select>
        </label>
        <ul />
      </div>
    </div>
  </div>,
  "debug": [Function],
  "findAllByAltText": [Function],
  "findAllByDisplayValue": [Function],
  "findAllByLabelText": [Function],
  "findAllByPlaceholderText": [Function],
  "findAllByRole": [Function],
  "findAllByTestId": [Function],
  "findAllByText": [Function],
  "findAllByTitle": [Function],
  "findByAltText": [Function],
  "findByDisplayValue": [Function],
  "findByLabelText": [Function],
  "findByPlaceholderText": [Function],
  "findByRole": [Function],
  "findByTestId": [Function],
  "findByText": [Function],
  "findByTitle": [Function],
  "getAllByAltText": [Function],
  "getAllByDisplayValue": [Function],
  "getAllByLabelText": [Function],
  "getAllByPlaceholderText": [Function],
  "getAllByRole": [Function],
  "getAllByTestId": [Function],
  "getAllByText": [Function],
  "getAllByTitle": [Function],
  "getByAltText": [Function],
  "getByDisplayValue": [Function],
  "getByLabelText": [Function],
  "getByPlaceholderText": [Function],
  "getByRole": [Function],
  "getByTestId": [Function],
  "getByText": [Function],
  "getByTitle": [Function],
  "queryAllByAltText": [Function],
  "queryAllByDisplayValue": [Function],
  "queryAllByLabelText": [Function],
  "queryAllByPlaceholderText": [Function],
  "queryAllByRole": [Function],
  "queryAllByTestId": [Function],
  "queryAllByText": [Function],
  "queryAllByTitle": [Function],
  "queryByAltText": [Function],
  "queryByDisplayValue": [Function],
  "queryByLabelText": [Function],
  "queryByPlaceholderText": [Function],
  "queryByRole": [Function],
  "queryByTestId": [Function],
  "queryByText": [Function],
  "queryByTitle": [Function],
  "rerender": [Function],
  "unmount": [Function],
}
`;
